// Jest Snapshot v1, https://goo.gl/fbAQLP

exports[`should render list of posts 1`] = `
<div>
  <div
    class="post-list"
  >
    <div
      class="preview-card-container"
    >
      <div
        class="preview-card"
      >
        <a
          class="click-post"
          href="/posts/53"
        >
          <div
            class="title"
          >
            Dear Julie...
          </div>
        </a>
        <div
          class="content"
        >
          Thank you so much for everything you've taught me. Your genuine interest in our learning and passion for coding shine through every day, and kept me excited even when I was exhausted. I'll miss you so much!
        </div>
      </div>
    </div>
  </div>
  <div
    class="page-nav"
  >
    <div
      class="page-number"
    >
      Page: 
      1
    </div>
    <button>
      Previous Page
    </button>
    <button>
      Next Page
    </button>
  </div>
</div>
`;
