// Jest Snapshot v1, https://goo.gl/fbAQLP

exports[`should render title of post 1`] = `
<div>
  <div
    class="title-container"
  >
    <img
      src="https://ipvfiyhmiwmzfnzlbhov.supabase.in/storage/v1/object/public/unspoken/unspoken_stories_header.png"
    />
    <p>
      Write your stories, memories or unspoken words while listening to lofi beats. Sometimes all you need is to write it out.
    </p>
    <div>
      <span
        class="auth-tabs"
      >
        <h3
          class="active"
        >
          Sign In
        </h3>
        <h3
          class=""
        >
          Sign Up
        </h3>
      </span>
      <form
        class="auth-form"
      >
        
        <label>
          Email: 
        </label>
        <input
          type="email"
          value=""
        />
        <label>
          Password: 
        </label>
        <input
          type="password"
          value=""
        />
        <input
          class="submit-btn"
          type="submit"
        />
      </form>
    </div>
    <footer>
      <a
        class="about-btn"
        href="/about"
      >
        About Us
      </a>
    </footer>
  </div>
</div>
`;
