// Jest Snapshot v1, https://goo.gl/fbAQLP

exports[`should render individual post 1`] = `
<div>
  <div>
    <div
      class="post"
    >
      <h1>
        Dear Julie...
      </h1>
      <span
        class="post-content"
      >
        Thank you so much for everything you've taught me. Your genuine interest in our learning and passion for coding shine through every day, and kept me excited even when I was exhausted. I'll miss you so much!
      </span>
      <p>
        WRITTEN ON 
        2022-01-21
      </p>
    </div>
  </div>
</div>
`;
