// Jest Snapshot v1, https://goo.gl/fbAQLP

exports[`should render individual post 1`] = `
<div>
  <div>
    <div
      class="post"
    >
      <h1>
        Tokio and Nori
      </h1>
      <span
        class="post-content"
      >
        cuties
      </span>
      <p>
        WRITTEN ON 
        2022-01-20
      </p>
    </div>
    <div
      class="post-buttons-container"
    >
      <button>
        <a
          class="post-button"
          href="/posts/37/edit"
        >
          Edit
        </a>
      </button>
      <button
        class="post-button"
      >
        Delete Post
      </button>
    </div>
  </div>
</div>
`;
