// Jest Snapshot v1, https://goo.gl/fbAQLP

exports[`should render details and edit 1`] = `
<div>
  <div>
    <form
      class="post-form"
    >
      <h1>
        create post
      </h1>
      <input
        name="title"
        placeholder="post title..."
        type="text"
        value="Tokio and Nori"
      />
      <textarea
        name="content"
        placeholder="tell us more... (minimum 6 characters)"
        type="text"
      >
        cuties
      </textarea>
      <input
        type="submit"
      />
    </form>
    )
  </div>
</div>
`;
